// Jest Snapshot v1, https://goo.gl/fbAQLP

exports[`GifItem component should match the snapshot 1`] = `
<div>
  <div
    class="card"
  >
    <img
      alt="Saitama"
      src="https://one-punch.com/saitama.jpg"
    />
    <small>
      Saitama
    </small>
  </div>
</div>
`;
